// Jest Snapshot v1, https://goo.gl/fbAQLP

exports[`renders correctly 1`] = `
<div
  className="sc-bcXHqe bBIowY"
>
  <div
    className="info"
  >
    <div
      className="text"
    >
      <div
        className="name"
      >
        Ho va ten:
        Nguyen Huu Kien
      </div>
      <div
        className="age"
      >
        Tuoi:
        23
      </div>
      <div
        className="birthday"
      >
        Ngay Sinh:
        20/04/1999
      </div>
    </div>
    <div
      className="image"
    >
      <img
        alt="nancy"
        src="https://znews-photo.zingcdn.me/w660/Uploaded/unvjuas/2021_01_12/106228561_288966105802103_4617392174817760819_n.jpg"
      />
    </div>
  </div>
</div>
`;
